[digitonaut.com/art/galactic_orbital/index.html]
[digitonaut.com/art/galaxy_of_universes/index.html]
[digitonaut.com/art/galloping_horse/index.html]
[backblue.gif]
[fade.gif]
[index.html]
[digitonaut.com/art/game_of_life/index.html]
[digitonaut.com/art/galactic_orbital/normalize.min.css]
[digitonaut.com/art/generated_creatures/index.html]
[digitonaut.com/art/gasket/index.html]
[digitonaut.com/art/generative_art/index.html]
[digitonaut.com/art/genuary_touch/index.html]
[digitonaut.com/art/geometry/index.html]
[digitonaut.com/art/ghost_silent_disco/index.html]
[digitonaut.com/art/glass_cave/index.html]
[digitonaut.com/art/galactic_orbital/script.js]
[digitonaut.com/art/globe/index.html]
[digitonaut.com/art/galactic_orbital/index.html]
[digitonaut.com/art/glooper/index.html]
[digitonaut.com/art/glossy_cubes/index.html]
[digitonaut.com/art/galaxy_of_universes/shader-web-background.min.js]
[digitonaut.com/art/glow_city/index.html]
[digitonaut.com/art/galaxy_of_universes/index.html]
[digitonaut.com/art/glowing_stone/index.html]
[digitonaut.com/art/going_up/index.html]
[digitonaut.com/art/gotham-city/index.html]
[digitonaut.com/art/gpgpu_particules/index.html]
[digitonaut.com/art/grape_soda/index.html]
[digitonaut.com/art/galloping_horse/script.js]
[digitonaut.com/art/gravitational_field/index.html]
[digitonaut.com/art/galloping_horse/index.html]
[digitonaut.com/art/gravity_effect/index.html]
[digitonaut.com/art/gravity_tunnel/index.html]
[digitonaut.com/art/green_world/index.html]
[digitonaut.com/art/green_zozuar_fractal/index.html]
[digitonaut.com/art/grid_thing/index.html]
[digitonaut.com/art/group_flight/index.html]
[digitonaut.com/art/game_of_life/script.js]
[digitonaut.com/art/growing_flowers/index.html]
[digitonaut.com/art/game_of_life/index.html]
[digitonaut.com/art/growing_lines/index.html]
[digitonaut.com/art/gasket/shader-web-background.min.js]
[digitonaut.com/art/gasket/index.html]
[digitonaut.com/art/generated_creatures/gsap.min.js]
[digitonaut.com/art/generated_creatures/script.js]
[digitonaut.com/art/generated_creatures/index.html]
[digitonaut.com/art/generative_art/style.css]
[digitonaut.com/art/generative_art/helpers.js]
[digitonaut.com/art/generative_art/index.html]
[digitonaut.com/art/generative_art/script.js]
[digitonaut.com/art/genuary_touch/index.html]
[digitonaut.com/art/genuary_touch/script.js]
[digitonaut.com/art/geometry/main.css]
[digitonaut.com/art/geometry/index.html]
[digitonaut.com/art/generative_art/p5.min.js]
[digitonaut.com/art/ghost_silent_disco/index.html]
[digitonaut.com/art/ghost_silent_disco/main.js]
[digitonaut.com/art/glass_cave/index.html]
[digitonaut.com/art/glass_cave/shader-web-background.min.js]
[digitonaut.com/art/globe/font.css]
[digitonaut.com/art/globe/modernizr.min.js]
[digitonaut.com/art/globe/style.css]
[digitonaut.com/art/globe/prefixfree.min.js]
[digitonaut.com/art/globe/Stats.js]
[digitonaut.com/art/globe/css_globe_PerspectiveTransform.js]
[digitonaut.com/art/globe/dat.gui.min.js]
[digitonaut.com/art/globe/index.html]
[digitonaut.com/art/globe/script.js]
[digitonaut.com/art/glooper/main.js]
[digitonaut.com/art/glooper/index.html]
[digitonaut.com/art/globe/TweenMax.min.js]
[digitonaut.com/art/ghost_silent_disco/three.min.js]
[digitonaut.com/art/glossy_cubes/index.html]
[digitonaut.com/art/glossy_cubes/main.js]
[digitonaut.com/art/glow_city/index.html]
[digitonaut.com/art/glow_city/shader-web-background.min.js]
[digitonaut.com/art/glowing_stone/index.html]
[digitonaut.com/art/glowing_stone/shader-web-background.min.js]
[digitonaut.com/art/going_up/index.html]
[digitonaut.com/art/going_up/shader-web-background.min.js]
[digitonaut.com/art/gotham-city/index.html]
[digitonaut.com/art/gotham-city/shader-web-background.min.js]
[digitonaut.com/art/gpgpu_particules/index.html]
[digitonaut.com/art/gpgpu_particules/script.js]
[digitonaut.com/art/glooper/three.min.js]
[digitonaut.com/art/grape_soda/script.js]
[digitonaut.com/art/grape_soda/index.html]
[digitonaut.com/art/gravitational_field/prefixfree.min.js]
[digitonaut.com/art/gravitational_field/sketch.min.js]
[digitonaut.com/art/gravitational_field/script.js]
[digitonaut.com/art/gravitational_field/index.html]
[digitonaut.com/art/glossy_cubes/three.min.js]
[digitonaut.com/art/gravity_effect/OrbitControls.js]
[digitonaut.com/art/gravity_effect/script.js]
[digitonaut.com/art/gravity_effect/index.html]
[digitonaut.com/art/gpgpu_particules/84_three.min.js]
[digitonaut.com/art/grape_soda/88_three.min.js]
[digitonaut.com/art/gravity_tunnel/index.html]
[digitonaut.com/art/gravity_tunnel/main.js]
[digitonaut.com/art/green_world/modernizr.min.js]
[digitonaut.com/art/green_world/prefixfree.min.js]
[digitonaut.com/art/green_world/script.js]
[digitonaut.com/art/green_world/index.html]
[digitonaut.com/art/green_world/2_1_3_jquery.min.js]
[digitonaut.com/art/green_zozuar_fractal/main.js]
[digitonaut.com/art/green_zozuar_fractal/index.html]
[digitonaut.com/art/gravity_effect/84_three.min.js]
[digitonaut.com/art/grid_thing/index.html]
[digitonaut.com/art/grid_thing/main.js]
[digitonaut.com/art/gravity_tunnel/three.min.js]
[digitonaut.com/art/group_flight/index.html]
[digitonaut.com/art/group_flight/script.js]
[digitonaut.com/art/growing_flowers/prefixfree.min.js]
[digitonaut.com/art/growing_flowers/index.html]
[digitonaut.com/art/growing_flowers/script.js]
[digitonaut.com/art/growing_lines/index.html]
[digitonaut.com/art/galactic_orbital/normalize.min.css]
[digitonaut.com/art/galactic_orbital/style.css]
[digitonaut.com/art/galloping_horse/style.css]
[digitonaut.com/art/game_of_life/reset.min.css]
[digitonaut.com/art/game_of_life/style.css]
[digitonaut.com/art/generated_creatures/style.css]
[digitonaut.com/art/generative_art/style.css]
[digitonaut.com/art/generative_art/keyboard.svg]
[digitonaut.com/art/genuary_touch/style.css]
[digitonaut.com/art/geometry/main.css]
[digitonaut.com/art/ghost_silent_disco/main.css]
[digitonaut.com/art/globe/font.css]
[digitonaut.com/art/globe/style.css]
[digitonaut.com/art/glooper/main.css]
[digitonaut.com/art/glossy_cubes/main.css]
[digitonaut.com/art/gpgpu_particules/style.css]
[digitonaut.com/art/grape_soda/style.css]
[digitonaut.com/art/gravitational_field/reset.min.css]
[digitonaut.com/art/gravitational_field/style.css]
[digitonaut.com/art/gravity_effect/style.css]
[digitonaut.com/art/gravity_tunnel/main.css]
[digitonaut.com/art/green_world/style.css]
[digitonaut.com/art/green_zozuar_fractal/main.css]
[digitonaut.com/art/growing_lines/script.js]
[digitonaut.com/art/green_zozuar_fractal/three.min.js]
[digitonaut.com/art/grid_thing/main.css]
[digitonaut.com/art/grid_thing/three.min.js]
[digitonaut.com/art/group_flight/style.css]
[digitonaut.com/art/growing_flowers/style.css]
[digitonaut.com/art/growing_lines/style.css]
